<html>
<body>
<pre>
<h1>µVision Build Log</h1>
<h2>Project:</h2>
C:\Keil\Labware\Lab13_DAC\Lab13.uvproj
Project File Date:  03/13/2014

<h2>Output:</h2>
Rebuild target 'Lab13'
assembling startup.s...
compiling Lab13.c...
compiling Sound.c...
compiling DAC.c...
compiling Piano.c...
linking...
Program Size: Code=6280 RO-data=9656 RW-data=92 ZI-data=1820  
".\Lab13.axf" - 0 Error(s), 0 Warning(s).
Load "C:\\Keil\\Labware\\Lab13_DAC\\Lab13.axf" 
Connecting: Mode=JTAG, Speed=1000000Hz
Erase Done.
Programming Done.
Verify OK.
</pre>
</body>
</html>
_____^
*** error 56: cannot open file
Error: Flash Download failed  -  Could not load file 'C:\Keil\Labware\Lab13_DAC\Lab13.axf'
Load "C:\\Keil\\Labware\\Lab13_DAC\\Lab13.axf" 
_____^
*** error 56: cannot open file
Error: Flash Download failed  -  Could not load file 'C:\Keil\Labware\Lab13_DAC\Lab13.axf'
