<html>
<body>
<pre>
<h1>µVision Build Log</h1>
<h2>Project:</h2>
C:\Keil\Labware\Lab11_UART\Lab11.uvproj
Project File Date:  02/01/2016

<h2>Output:</h2>
Rebuild target 'Lab11'
assembling startup.s...
compiling UART.c...
compiling main.c...
linking...
Program Size: Code=2964 RO-data=696 RW-data=44 ZI-data=1764  
".\Lab11.axf" - 0 Error(s), 0 Warning(s).
</pre>
</body>
</html>
ab11_UART\\Lab11.axf" 
Connecting: Mode=JTAG, Speed=1000000Hz
Erase Done.
Programming Done.
Verify OK.
..
".\Lab11.axf" - 1 Error(s), 1 Warning(s).
Target not created
load failed  -  Could not load file 'C:\Keil\Labware\Lab11_UART\Lab11.axf'
ne.
Programming Done.
Verify OK.
